// Jest Snapshot v1, https://goo.gl/fbAQLP

exports[`Unit Test in <GifGrid /> It must to do match with snapshot 1`] = `
<Fragment>
  <h3
    className="card animate__animated animate__fadeIn"
  >
    Another Night
  </h3>
  <p>
    Loading
  </p>
  <div
    className="card-grid"
  />
</Fragment>
`;
